c++=[language_responses
cpp=[language_responses
abap=[language_responses
actionscript=[language_responses
ada=[language_responses
adenine=[language_responses
adga=[language_responses
advpl=[language_responses
agilent=[language_responses
agora=[language_responses
aimms=[language_responses
aldor=[language_responses
c=[language_responses
c#=[language_responses
c++=[language_responses
clojure=[language_responses
cobol=[language_responses
cpp=[language_responses
dart=[language_responses
delphi=[language_responses
erlang=[language_responses
fortran=[language_responses
go=[language_responses
groovy=[language_responses
haskell=[language_responses
jai=[language_responses
java=[language_responses
javascript=[language_responses
julia=[language_responses
kotlin=[language_responses
lisp=[language_responses
lua=[language_responses
matlab=[language_responses
objectivec=[language_responses
pascal=[language_responses
perl=[language_responses
php=[language_responses
powershell=[language_responses
prolog=[language_responses
python=[language_responses
ruby=[language_responses
rust=[language_responses
scala=[language_responses
scratch=[language_responses
sfortran=[language_responses
swift=[language_responses
typescript=[language_responses
vba=[language_responses
visual basic=[language_responses
rust=Rust is the best language.
